══════════════════════════════════════════════════════════════════════
  FLAMINGO SIEVE — FINAL COMPLETE DEMONSTRATION
══════════════════════════════════════════════════════════════════════
  Log file: flamingo_final.log

  TRUE INCREMENTAL SENTINEL (r = -12):
    Raw offset: -384
    d_true = 0xfffffffffffffffffffffffffffffffebaaedce6af48a03bbfd25d0cd03087c1  (dec: 115,792,089,237,316,195,423,570,985,008,687,907,852,837,564,279,074,904,382,605,163,139,868,893,677,505)
    d near N? ✅
    Mesh residue = -13064097187372365153177848137630471790100298524199958947925659586962367617306  (match: ❌)
    Q.x = 0x7985231bb2af820a309294c525fe705855f2c17ab4f669a7cee3bcc3a87eab7c  (dec: 54,965,087,646,049,243,499,100,385,900,954,524,538,083,576,692,876,070,695,152,927,290,311,065,906,044)
    Q.y parity: odd

  AUDIT:
    Offset found: -384
    Is weak? ⚠️ YES — BACKDOORED
    Matching d is original

  RANDOM KEY AUDIT: offset = -42099280202080792186883074873025986274462004727399078301683245024106330133876  weak? ✅ NO

  SIGNING 3 MESSAGES WITH SHELL NONCES...
    Sig 1: k=384, r=0x3443a7067a08cd3e10d3aad6a78ed1afb5714e7796eb9f84a908b701b5476085  (dec: 23,639,799,645,921,318,377,121,870,072,557,630,302,016,719,401,141,330,443,314,214,919,736,473,903,237), s=0x419b82e25dfe5c1e0aa91d513adf35f84091d1bf180981713e8c5efd07792ddd  (dec: 29,675,099,782,824,675,056,128,677,712,868,637,615,472,073,793,563,351,838,582,454,394,738,823,474,653)
    Sig 2: k=1344, r=0x53600011f0856d56936d8b22560f32d65e3bb12c6564f72b227770216fe9900d  (dec: 37,711,584,234,278,767,198,863,928,441,038,018,475,137,776,654,126,203,774,955,886,280,556,996,562,957), s=0x29a1996f9ee33ccf43a4aefe15830ee5932e4dc103e06ed013e123d0fde1f242  (dec: 18,830,348,145,821,202,994,911,033,668,300,948,042,358,595,611,744,545,390,801,197,289,384,301,425,218)
    Sig 3: k=2944, r=0xb0131b9133e2aea81ed1210fd635e9a318e4ab33142c85070e29021a9d97a0ea  (dec: 79,640,821,706,693,482,283,145,651,535,887,879,368,725,143,038,216,062,562,520,906,450,784,646,308,074), s=0x3d64015491c3e04a482abd7793f765e93611ec74fc47b1e477d915f7e6770508  (dec: 27,767,777,651,789,816,014,455,805,558,581,034,855,498,082,741,701,170,687,585,751,107,155,663,455,496)

──────────────────────────────────────────────────────────────────────

  BUILDING CANDIDATE SET (max_n=300)
    ❌ L_2=55       → scaled=  1760  mod‑5 = 0 (multiple of 5 → REJECT)
    ❌ L_2=-55      → scaled= -1760  mod‑5 = 0 (multiple of 5 → REJECT)
  Survivors: 1082 / 1202 (rejected 120)

  STARTING TRIAL‑AND‑ERROR OVER 1082 CANDIDATES

  [1] TRYING k1 =     32  [L_0=1]

  [2] TRYING k1 =    -32  [L_0=-1]

  [3] TRYING k1 =    384  [J_1=12]

  ✅ MATCH FOUND at attempt #3!
     k1 = 384 (J_1=12)
     k2 = 1344 (J_2=42)
     k3 = 2944 (J_3=92)

  ✅ RECOVERED via trial‑and‑error
     d_true      = 0xfffffffffffffffffffffffffffffffebaaedce6af48a03bbfd25d0cd03087c1  (dec: 115,792,089,237,316,195,423,570,985,008,687,907,852,837,564,279,074,904,382,605,163,139,868,893,677,505)
     d_recovered = 0xfffffffffffffffffffffffffffffffebaaedce6af48a03bbfd25d0cd03087c1  (dec: 115,792,089,237,316,195,423,570,985,008,687,907,852,837,564,279,074,904,382,605,163,139,868,893,677,505)
     Match: ✅

══════════════════════════════════════════════════════════════════════
  DEMONSTRATION COMPLETE
══════════════════════════════════════════════════════════════════════
